// Vitest Snapshot v1, https://vitest.dev/guide/snapshot.html

exports[`v5.14 circuit d'effets : valeurs de référence > officiers, reliques, talents, territoires et technologies 1`] = `
[
  {
    "mods": {
      "attack": 0.17,
      "bossDamage": 0,
      "buildTime": 0.02,
      "cargo": 0.02,
      "defense": 0.1,
      "detection": 0.06,
      "production": {
        "data": 0.1,
        "nano": 0.02,
        "scrap": 0.15,
      },
      "productionAll": 0.06,
      "repair": 0.02,
      "researchTime": 0.06,
      "spyLevel": 2.4,
      "storage": 0.02,
    },
    "tech": {
      "building_discount": 0.25,
      "building_time": 0,
      "cargo_capacity": 0,
      "counter_spy": 8,
      "energy_efficiency": 0,
      "fleet_speed": 0,
      "fleet_upkeep": 0,
      "hangar_capacity": 0,
      "hangar_capacity:attack": 0,
      "hangar_capacity:defense": 0,
      "protected_storage": 0.06,
      "research_time": 0.16,
      "resource_production": 0,
      "resource_production:data": 0,
      "resource_production:energy": 0,
      "resource_production:nano": 0,
      "resource_production:scrap": 0,
      "storage_capacity": 0,
      "unit_attack": 0,
      "unit_defense": 0.16,
      "unit_time": 0,
      "unlock_attack_units": 0,
      "unlock_buildings": 0,
      "unlock_defense_units": 0,
      "unlock_hangars": 0,
      "unlock_next_level": 0,
      "unlock_recipe": 0,
    },
  },
  {
    "mods": {
      "attack": 0.22,
      "bossDamage": 0,
      "buildTime": 0.09,
      "cargo": 0.17,
      "defense": 0,
      "detection": 0.08,
      "production": {
        "nano": 0.06,
      },
      "productionAll": 0.19,
      "repair": 0,
      "researchTime": 0.19,
      "spyLevel": 2.9,
      "storage": 0.3,
    },
    "tech": {
      "building_discount": 0.35,
      "building_time": 0,
      "cargo_capacity": 0,
      "counter_spy": 0,
      "energy_efficiency": 0.5,
      "fleet_speed": 0,
      "fleet_upkeep": 0,
      "hangar_capacity": 0.9,
      "hangar_capacity:attack": 0.45,
      "hangar_capacity:defense": 0.45,
      "protected_storage": 0.09,
      "research_time": 0,
      "resource_production": 0,
      "resource_production:data": 0,
      "resource_production:energy": 0,
      "resource_production:nano": 0,
      "resource_production:scrap": 0,
      "storage_capacity": 0,
      "unit_attack": 0,
      "unit_defense": 0.86,
      "unit_time": 0,
      "unlock_attack_units": 0,
      "unlock_buildings": 0,
      "unlock_defense_units": 0,
      "unlock_hangars": 0,
      "unlock_next_level": 0,
      "unlock_recipe": 0,
    },
  },
  {
    "mods": {
      "attack": 0.06,
      "bossDamage": 0.15,
      "buildTime": 0.11,
      "cargo": 0,
      "defense": 0.04,
      "detection": 0,
      "production": {
        "energy": 0.04,
      },
      "productionAll": 0.05,
      "repair": 0.1,
      "researchTime": 0.09,
      "spyLevel": 0,
      "storage": 0,
    },
    "tech": {
      "building_discount": 0.5,
      "building_time": 0,
      "cargo_capacity": 0,
      "counter_spy": 9,
      "energy_efficiency": 0,
      "fleet_speed": 0,
      "fleet_upkeep": 0,
      "hangar_capacity": 0,
      "hangar_capacity:attack": 0,
      "hangar_capacity:defense": 0,
      "protected_storage": 0,
      "research_time": 0.18,
      "resource_production": 0,
      "resource_production:data": 0,
      "resource_production:energy": 0,
      "resource_production:nano": 0,
      "resource_production:scrap": 0,
      "storage_capacity": 0,
      "unit_attack": 0,
      "unit_defense": 0.58,
      "unit_time": 0,
      "unlock_attack_units": 0,
      "unlock_buildings": 0,
      "unlock_defense_units": 0,
      "unlock_hangars": 0,
      "unlock_next_level": 0,
      "unlock_recipe": 0,
    },
  },
  {
    "mods": {
      "attack": 0.11,
      "bossDamage": 0,
      "buildTime": 0.06,
      "cargo": 0.03,
      "defense": 0.04,
      "detection": 0,
      "production": {
        "energy": 0.06,
        "scrap": 0.2,
      },
      "productionAll": 0.27,
      "repair": 0.06,
      "researchTime": 0.04,
      "spyLevel": 0,
      "storage": 0.18,
    },
    "tech": {
      "building_discount": 0.5,
      "building_time": 0,
      "cargo_capacity": 0,
      "counter_spy": 8,
      "energy_efficiency": 0.9,
      "fleet_speed": 0.12,
      "fleet_upkeep": 0,
      "hangar_capacity": 0.5,
      "hangar_capacity:attack": 0.25,
      "hangar_capacity:defense": 0.25,
      "protected_storage": 0.08,
      "research_time": 0.16,
      "resource_production": 0,
      "resource_production:data": 0,
      "resource_production:energy": 0,
      "resource_production:nano": 0,
      "resource_production:scrap": 0,
      "storage_capacity": 0,
      "unit_attack": 1,
      "unit_defense": 0.8,
      "unit_time": 0,
      "unlock_attack_units": 0,
      "unlock_buildings": 0,
      "unlock_defense_units": 0,
      "unlock_hangars": 0,
      "unlock_next_level": 0,
      "unlock_recipe": 0,
    },
  },
  {
    "mods": {
      "attack": 0.4,
      "bossDamage": 0.15,
      "buildTime": 0,
      "cargo": 0,
      "defense": 0.1,
      "detection": 0.1,
      "production": {
        "data": 0.2,
        "nano": 0.02,
      },
      "productionAll": 0.04,
      "repair": 0.04,
      "researchTime": 0,
      "spyLevel": 0.8,
      "storage": 0,
    },
    "tech": {
      "building_discount": 0.05,
      "building_time": 0,
      "cargo_capacity": 0,
      "counter_spy": 4,
      "energy_efficiency": 1,
      "fleet_speed": 0.18,
      "fleet_upkeep": 0,
      "hangar_capacity": 0,
      "hangar_capacity:attack": 0,
      "hangar_capacity:defense": 0,
      "protected_storage": 0,
      "research_time": 0.08,
      "resource_production": 0,
      "resource_production:data": 0,
      "resource_production:energy": 0,
      "resource_production:nano": 0,
      "resource_production:scrap": 0,
      "storage_capacity": 0,
      "unit_attack": 1,
      "unit_defense": 0.08,
      "unit_time": 0,
      "unlock_attack_units": 0,
      "unlock_buildings": 0,
      "unlock_defense_units": 0,
      "unlock_hangars": 0,
      "unlock_next_level": 0,
      "unlock_recipe": 0,
    },
  },
  {
    "mods": {
      "attack": 0.17,
      "bossDamage": 0.2,
      "buildTime": 0,
      "cargo": 0.03,
      "defense": 0.07,
      "detection": 0.06,
      "production": {
        "data": 0.04,
      },
      "productionAll": 0.21,
      "repair": 0,
      "researchTime": 0.04,
      "spyLevel": 0,
      "storage": 0,
    },
    "tech": {
      "building_discount": 0,
      "building_time": 0,
      "cargo_capacity": 0,
      "counter_spy": 8,
      "energy_efficiency": 0.9,
      "fleet_speed": 0,
      "fleet_upkeep": 0,
      "hangar_capacity": 0.2,
      "hangar_capacity:attack": 0.1,
      "hangar_capacity:defense": 0.1,
      "protected_storage": 0.07,
      "research_time": 0.16,
      "resource_production": 0,
      "resource_production:data": 0,
      "resource_production:energy": 0,
      "resource_production:nano": 0,
      "resource_production:scrap": 0,
      "storage_capacity": 0,
      "unit_attack": 0.4,
      "unit_defense": 0,
      "unit_time": 0,
      "unlock_attack_units": 0,
      "unlock_buildings": 0,
      "unlock_defense_units": 0,
      "unlock_hangars": 0,
      "unlock_next_level": 0,
      "unlock_recipe": 0,
    },
  },
  {
    "mods": {
      "attack": 0.13,
      "bossDamage": 0,
      "buildTime": 0,
      "cargo": 0.1,
      "defense": 0,
      "detection": 0.06,
      "production": {
        "data": 0.16,
        "energy": 0.15,
        "nano": 0.03,
      },
      "productionAll": 0.08,
      "repair": 0,
      "researchTime": 0,
      "spyLevel": 0.6,
      "storage": 0,
    },
    "tech": {
      "building_discount": 0.25,
      "building_time": 0,
      "cargo_capacity": 0,
      "counter_spy": 0,
      "energy_efficiency": 0.7,
      "fleet_speed": 0,
      "fleet_upkeep": 0,
      "hangar_capacity": 0,
      "hangar_capacity:attack": 0,
      "hangar_capacity:defense": 0,
      "protected_storage": 0.07,
      "research_time": 0,
      "resource_production": 0,
      "resource_production:data": 0,
      "resource_production:energy": 0,
      "resource_production:nano": 0,
      "resource_production:scrap": 0,
      "storage_capacity": 0,
      "unit_attack": 0.1,
      "unit_defense": 0,
      "unit_time": 0,
      "unlock_attack_units": 0,
      "unlock_buildings": 0,
      "unlock_defense_units": 0,
      "unlock_hangars": 0,
      "unlock_next_level": 0,
      "unlock_recipe": 0,
    },
  },
  {
    "mods": {
      "attack": 0.2,
      "bossDamage": 0,
      "buildTime": 0.12,
      "cargo": 0,
      "defense": 0.1,
      "detection": 0,
      "production": {
        "data": 0.02,
        "nano": 0.22,
        "scrap": 0.15,
      },
      "productionAll": 0.04,
      "repair": 0,
      "researchTime": 0.1,
      "spyLevel": 0,
      "storage": 0,
    },
    "tech": {
      "building_discount": 0,
      "building_time": 0,
      "cargo_capacity": 0,
      "counter_spy": 1,
      "energy_efficiency": 0,
      "fleet_speed": 0.12,
      "fleet_upkeep": 0,
      "hangar_capacity": 1,
      "hangar_capacity:attack": 0.5,
      "hangar_capacity:defense": 0.5,
      "protected_storage": 0,
      "research_time": 0.02,
      "resource_production": 0,
      "resource_production:data": 0,
      "resource_production:energy": 0,
      "resource_production:nano": 0,
      "resource_production:scrap": 0,
      "storage_capacity": 0,
      "unit_attack": 0,
      "unit_defense": 0.12,
      "unit_time": 0,
      "unlock_attack_units": 0,
      "unlock_buildings": 0,
      "unlock_defense_units": 0,
      "unlock_hangars": 0,
      "unlock_next_level": 0,
      "unlock_recipe": 0,
    },
  },
  {
    "mods": {
      "attack": 0.03,
      "bossDamage": 0,
      "buildTime": 0,
      "cargo": 0.06,
      "defense": 0,
      "detection": 0.07,
      "production": {
        "data": 0.04,
        "energy": 0.19,
        "scrap": 0.04,
      },
      "productionAll": 0.11,
      "repair": 0.1,
      "researchTime": 0,
      "spyLevel": 1.2,
      "storage": 0,
    },
    "tech": {
      "building_discount": 0.5,
      "building_time": 0,
      "cargo_capacity": 0,
      "counter_spy": 4,
      "energy_efficiency": 0,
      "fleet_speed": 0,
      "fleet_upkeep": 0,
      "hangar_capacity": 0.5,
      "hangar_capacity:attack": 0.25,
      "hangar_capacity:defense": 0.25,
      "protected_storage": 0.09,
      "research_time": 0.08,
      "resource_production": 0,
      "resource_production:data": 0,
      "resource_production:energy": 0,
      "resource_production:nano": 0,
      "resource_production:scrap": 0,
      "storage_capacity": 0,
      "unit_attack": 0,
      "unit_defense": 0.84,
      "unit_time": 0,
      "unlock_attack_units": 0,
      "unlock_buildings": 0,
      "unlock_defense_units": 0,
      "unlock_hangars": 0,
      "unlock_next_level": 0,
      "unlock_recipe": 0,
    },
  },
  {
    "mods": {
      "attack": 0.24,
      "bossDamage": 0,
      "buildTime": 0.04,
      "cargo": 0,
      "defense": 0,
      "detection": 0.06,
      "production": {},
      "productionAll": 0.15,
      "repair": 0,
      "researchTime": 0.15,
      "spyLevel": 0.4,
      "storage": 0,
    },
    "tech": {
      "building_discount": 0,
      "building_time": 0,
      "cargo_capacity": 0,
      "counter_spy": 8,
      "energy_efficiency": 0,
      "fleet_speed": 0,
      "fleet_upkeep": 0,
      "hangar_capacity": 0.5,
      "hangar_capacity:attack": 0.25,
      "hangar_capacity:defense": 0.25,
      "protected_storage": 0,
      "research_time": 0.16,
      "resource_production": 0,
      "resource_production:data": 0,
      "resource_production:energy": 0,
      "resource_production:nano": 0,
      "resource_production:scrap": 0,
      "storage_capacity": 0,
      "unit_attack": 0.8,
      "unit_defense": 0,
      "unit_time": 0,
      "unlock_attack_units": 0,
      "unlock_buildings": 0,
      "unlock_defense_units": 0,
      "unlock_hangars": 0,
      "unlock_next_level": 0,
      "unlock_recipe": 0,
    },
  },
  {
    "mods": {
      "attack": 0.03,
      "bossDamage": 0.2,
      "buildTime": 0,
      "cargo": 0.06,
      "defense": 0,
      "detection": 0.2,
      "production": {
        "data": 0.04,
      },
      "productionAll": 0.1,
      "repair": 0,
      "researchTime": 0.23,
      "spyLevel": 4,
      "storage": 0.06,
    },
    "tech": {
      "building_discount": 0.35,
      "building_time": 0,
      "cargo_capacity": 0,
      "counter_spy": 0,
      "energy_efficiency": 0,
      "fleet_speed": 0.02,
      "fleet_upkeep": 0,
      "hangar_capacity": 0,
      "hangar_capacity:attack": 0,
      "hangar_capacity:defense": 0,
      "protected_storage": 0.06,
      "research_time": 0,
      "resource_production": 0,
      "resource_production:data": 0,
      "resource_production:energy": 0,
      "resource_production:nano": 0,
      "resource_production:scrap": 0,
      "storage_capacity": 0,
      "unit_attack": 0,
      "unit_defense": 0.18,
      "unit_time": 0,
      "unlock_attack_units": 0,
      "unlock_buildings": 0,
      "unlock_defense_units": 0,
      "unlock_hangars": 0,
      "unlock_next_level": 0,
      "unlock_recipe": 0,
    },
  },
  {
    "mods": {
      "attack": 0,
      "bossDamage": 0,
      "buildTime": 0.07,
      "cargo": 0.04,
      "defense": 0,
      "detection": 0.04,
      "production": {
        "energy": 0.02,
        "scrap": 0.1,
      },
      "productionAll": 0.16,
      "repair": 0.06,
      "researchTime": 0.09,
      "spyLevel": 0.6,
      "storage": 0,
    },
    "tech": {
      "building_discount": 0,
      "building_time": 0,
      "cargo_capacity": 0,
      "counter_spy": 0,
      "energy_efficiency": 0,
      "fleet_speed": 0.08,
      "fleet_upkeep": 0,
      "hangar_capacity": 0,
      "hangar_capacity:attack": 0,
      "hangar_capacity:defense": 0,
      "protected_storage": 0.06,
      "research_time": 0,
      "resource_production": 0,
      "resource_production:data": 0,
      "resource_production:energy": 0,
      "resource_production:nano": 0,
      "resource_production:scrap": 0,
      "storage_capacity": 0,
      "unit_attack": 0.4,
      "unit_defense": 0.04,
      "unit_time": 0,
      "unlock_attack_units": 0,
      "unlock_buildings": 0,
      "unlock_defense_units": 0,
      "unlock_hangars": 0,
      "unlock_next_level": 0,
      "unlock_recipe": 0,
    },
  },
  {
    "mods": {
      "attack": 0.06,
      "bossDamage": 0,
      "buildTime": 0.06,
      "cargo": 0,
      "defense": 0.21,
      "detection": 0.1,
      "production": {
        "energy": 0.04,
        "nano": 0.06,
        "scrap": 0.07,
      },
      "productionAll": 0.24,
      "repair": 0.02,
      "researchTime": 0,
      "spyLevel": 2,
      "storage": 0.06,
    },
    "tech": {
      "building_discount": 0.35,
      "building_time": 0,
      "cargo_capacity": 0,
      "counter_spy": 0,
      "energy_efficiency": 0.6,
      "fleet_speed": 0.12,
      "fleet_upkeep": 0,
      "hangar_capacity": 0,
      "hangar_capacity:attack": 0,
      "hangar_capacity:defense": 0,
      "protected_storage": 0.06,
      "research_time": 0,
      "resource_production": 0,
      "resource_production:data": 0,
      "resource_production:energy": 0,
      "resource_production:nano": 0,
      "resource_production:scrap": 0,
      "storage_capacity": 0,
      "unit_attack": 0,
      "unit_defense": 0,
      "unit_time": 0,
      "unlock_attack_units": 0,
      "unlock_buildings": 0,
      "unlock_defense_units": 0,
      "unlock_hangars": 0,
      "unlock_next_level": 0,
      "unlock_recipe": 0,
    },
  },
  {
    "mods": {
      "attack": 0,
      "bossDamage": 0,
      "buildTime": 0.1,
      "cargo": 0,
      "defense": 0.09,
      "detection": 0.02,
      "production": {
        "scrap": 0.02,
      },
      "productionAll": 0.22,
      "repair": 0,
      "researchTime": 0,
      "spyLevel": 0.4,
      "storage": 0.02,
    },
    "tech": {
      "building_discount": 0.2,
      "building_time": 0,
      "cargo_capacity": 0,
      "counter_spy": 10,
      "energy_efficiency": 0.5,
      "fleet_speed": 0.18,
      "fleet_upkeep": 0,
      "hangar_capacity": 0.4,
      "hangar_capacity:attack": 0.2,
      "hangar_capacity:defense": 0.2,
      "protected_storage": 0,
      "research_time": 0.2,
      "resource_production": 0,
      "resource_production:data": 0,
      "resource_production:energy": 0,
      "resource_production:nano": 0,
      "resource_production:scrap": 0,
      "storage_capacity": 0,
      "unit_attack": 1,
      "unit_defense": 0.06,
      "unit_time": 0,
      "unlock_attack_units": 0,
      "unlock_buildings": 0,
      "unlock_defense_units": 0,
      "unlock_hangars": 0,
      "unlock_next_level": 0,
      "unlock_recipe": 0,
    },
  },
  {
    "mods": {
      "attack": 0.02,
      "bossDamage": 0,
      "buildTime": 0,
      "cargo": 0,
      "defense": 0.15,
      "detection": 0.04,
      "production": {},
      "productionAll": 0.11,
      "repair": 0.04,
      "researchTime": 0,
      "spyLevel": 1.5,
      "storage": 0.04,
    },
    "tech": {
      "building_discount": 0.15,
      "building_time": 0,
      "cargo_capacity": 0,
      "counter_spy": 2,
      "energy_efficiency": 0.4,
      "fleet_speed": 0,
      "fleet_upkeep": 0,
      "hangar_capacity": 0.9,
      "hangar_capacity:attack": 0.45,
      "hangar_capacity:defense": 0.45,
      "protected_storage": 0.06,
      "research_time": 0.04,
      "resource_production": 0,
      "resource_production:data": 0,
      "resource_production:energy": 0,
      "resource_production:nano": 0,
      "resource_production:scrap": 0,
      "storage_capacity": 0,
      "unit_attack": 0.3,
      "unit_defense": 0.5,
      "unit_time": 0,
      "unlock_attack_units": 0,
      "unlock_buildings": 0,
      "unlock_defense_units": 0,
      "unlock_hangars": 0,
      "unlock_next_level": 0,
      "unlock_recipe": 0,
    },
  },
  {
    "mods": {
      "attack": 0.02,
      "bossDamage": 0,
      "buildTime": 0.19,
      "cargo": 0,
      "defense": 0.13,
      "detection": 0.16,
      "production": {
        "data": 0.02,
        "energy": 0.02,
        "scrap": 0.09,
      },
      "productionAll": 0.08,
      "repair": 0,
      "researchTime": 0.03,
      "spyLevel": 3.4,
      "storage": 0.02,
    },
    "tech": {
      "building_discount": 0.2,
      "building_time": 0,
      "cargo_capacity": 0,
      "counter_spy": 10,
      "energy_efficiency": 0.4,
      "fleet_speed": 0,
      "fleet_upkeep": 0,
      "hangar_capacity": 0.1,
      "hangar_capacity:attack": 0.05,
      "hangar_capacity:defense": 0.05,
      "protected_storage": 0,
      "research_time": 0.2,
      "resource_production": 0,
      "resource_production:data": 0,
      "resource_production:energy": 0,
      "resource_production:nano": 0,
      "resource_production:scrap": 0,
      "storage_capacity": 0,
      "unit_attack": 0.2,
      "unit_defense": 0.2,
      "unit_time": 0,
      "unlock_attack_units": 0,
      "unlock_buildings": 0,
      "unlock_defense_units": 0,
      "unlock_hangars": 0,
      "unlock_next_level": 0,
      "unlock_recipe": 0,
    },
  },
  {
    "mods": {
      "attack": 0.23,
      "bossDamage": 0,
      "buildTime": 0.04,
      "cargo": 0,
      "defense": 0,
      "detection": 0,
      "production": {
        "scrap": 0.19,
      },
      "productionAll": 0.28,
      "repair": 0,
      "researchTime": 0.02,
      "spyLevel": 0,
      "storage": 0,
    },
    "tech": {
      "building_discount": 0,
      "building_time": 0,
      "cargo_capacity": 0,
      "counter_spy": 0,
      "energy_efficiency": 0.6,
      "fleet_speed": 0.18,
      "fleet_upkeep": 0,
      "hangar_capacity": 0.9,
      "hangar_capacity:attack": 0.45,
      "hangar_capacity:defense": 0.45,
      "protected_storage": 0.02,
      "research_time": 0,
      "resource_production": 0,
      "resource_production:data": 0,
      "resource_production:energy": 0,
      "resource_production:nano": 0,
      "resource_production:scrap": 0,
      "storage_capacity": 0,
      "unit_attack": 1,
      "unit_defense": 0.72,
      "unit_time": 0,
      "unlock_attack_units": 0,
      "unlock_buildings": 0,
      "unlock_defense_units": 0,
      "unlock_hangars": 0,
      "unlock_next_level": 0,
      "unlock_recipe": 0,
    },
  },
  {
    "mods": {
      "attack": 0.19,
      "bossDamage": 0,
      "buildTime": 0,
      "cargo": 0,
      "defense": 0.4,
      "detection": 0.02,
      "production": {
        "data": 0.02,
        "energy": 0.16,
        "nano": 0.2,
      },
      "productionAll": 0,
      "repair": 0.06,
      "researchTime": 0.02,
      "spyLevel": 0,
      "storage": 0,
    },
    "tech": {
      "building_discount": 0,
      "building_time": 0,
      "cargo_capacity": 0,
      "counter_spy": 3,
      "energy_efficiency": 0,
      "fleet_speed": 0.08,
      "fleet_upkeep": 0,
      "hangar_capacity": 0.2,
      "hangar_capacity:attack": 0.1,
      "hangar_capacity:defense": 0.1,
      "protected_storage": 0.04,
      "research_time": 0.06,
      "resource_production": 0,
      "resource_production:data": 0,
      "resource_production:energy": 0,
      "resource_production:nano": 0,
      "resource_production:scrap": 0,
      "storage_capacity": 0,
      "unit_attack": 0,
      "unit_defense": 0.32,
      "unit_time": 0,
      "unlock_attack_units": 0,
      "unlock_buildings": 0,
      "unlock_defense_units": 0,
      "unlock_hangars": 0,
      "unlock_next_level": 0,
      "unlock_recipe": 0,
    },
  },
  {
    "mods": {
      "attack": 0.2,
      "bossDamage": 0,
      "buildTime": 0.12,
      "cargo": 0,
      "defense": 0.02,
      "detection": 0,
      "production": {
        "energy": 0.15,
        "nano": 0.02,
        "scrap": 0.03,
      },
      "productionAll": 0,
      "repair": 0,
      "researchTime": 0.18,
      "spyLevel": 0.6,
      "storage": 0.02,
    },
    "tech": {
      "building_discount": 0.25,
      "building_time": 0,
      "cargo_capacity": 0,
      "counter_spy": 0,
      "energy_efficiency": 0,
      "fleet_speed": 0,
      "fleet_upkeep": 0,
      "hangar_capacity": 0,
      "hangar_capacity:attack": 0,
      "hangar_capacity:defense": 0,
      "protected_storage": 0.1,
      "research_time": 0,
      "resource_production": 0,
      "resource_production:data": 0,
      "resource_production:energy": 0,
      "resource_production:nano": 0,
      "resource_production:scrap": 0,
      "storage_capacity": 0,
      "unit_attack": 0.1,
      "unit_defense": 0.18,
      "unit_time": 0,
      "unlock_attack_units": 0,
      "unlock_buildings": 0,
      "unlock_defense_units": 0,
      "unlock_hangars": 0,
      "unlock_next_level": 0,
      "unlock_recipe": 0,
    },
  },
  {
    "mods": {
      "attack": 0.08,
      "bossDamage": 0,
      "buildTime": 0.14,
      "cargo": 0.04,
      "defense": 0.03,
      "detection": 0.04,
      "production": {
        "data": 0.15,
        "energy": 0.06,
      },
      "productionAll": 0.04,
      "repair": 0,
      "researchTime": 0.06,
      "spyLevel": 0,
      "storage": 0.02,
    },
    "tech": {
      "building_discount": 0.1,
      "building_time": 0,
      "cargo_capacity": 0,
      "counter_spy": 10,
      "energy_efficiency": 0,
      "fleet_speed": 0.14,
      "fleet_upkeep": 0,
      "hangar_capacity": 0.3,
      "hangar_capacity:attack": 0.15,
      "hangar_capacity:defense": 0.15,
      "protected_storage": 0,
      "research_time": 0.2,
      "resource_production": 0,
      "resource_production:data": 0,
      "resource_production:energy": 0,
      "resource_production:nano": 0,
      "resource_production:scrap": 0,
      "storage_capacity": 0,
      "unit_attack": 1,
      "unit_defense": 0.7,
      "unit_time": 0,
      "unlock_attack_units": 0,
      "unlock_buildings": 0,
      "unlock_defense_units": 0,
      "unlock_hangars": 0,
      "unlock_next_level": 0,
      "unlock_recipe": 0,
    },
  },
  {
    "mods": {
      "attack": 0.17,
      "bossDamage": 0,
      "buildTime": 0.18,
      "cargo": 0.06,
      "defense": 0.12,
      "detection": 0,
      "production": {
        "data": 0.07,
        "energy": 0.06,
        "nano": 0.02,
        "scrap": 0.02,
      },
      "productionAll": 0.14,
      "repair": 0,
      "researchTime": 0.24,
      "spyLevel": 0,
      "storage": 0.16,
    },
    "tech": {
      "building_discount": 0,
      "building_time": 0,
      "cargo_capacity": 0,
      "counter_spy": 2,
      "energy_efficiency": 1,
      "fleet_speed": 0.1,
      "fleet_upkeep": 0,
      "hangar_capacity": 0.2,
      "hangar_capacity:attack": 0.1,
      "hangar_capacity:defense": 0.1,
      "protected_storage": 0.07,
      "research_time": 0.04,
      "resource_production": 0,
      "resource_production:data": 0,
      "resource_production:energy": 0,
      "resource_production:nano": 0,
      "resource_production:scrap": 0,
      "storage_capacity": 0,
      "unit_attack": 0.6,
      "unit_defense": 0.8,
      "unit_time": 0,
      "unlock_attack_units": 0,
      "unlock_buildings": 0,
      "unlock_defense_units": 0,
      "unlock_hangars": 0,
      "unlock_next_level": 0,
      "unlock_recipe": 0,
    },
  },
  {
    "mods": {
      "attack": 0.36,
      "bossDamage": 0,
      "buildTime": 0.1,
      "cargo": 0.04,
      "defense": 0,
      "detection": 0,
      "production": {
        "data": 0.02,
        "energy": 0.04,
        "scrap": 0.22,
      },
      "productionAll": 0,
      "repair": 0,
      "researchTime": 0.02,
      "spyLevel": 0,
      "storage": 0,
    },
    "tech": {
      "building_discount": 0,
      "building_time": 0,
      "cargo_capacity": 0,
      "counter_spy": 2,
      "energy_efficiency": 1,
      "fleet_speed": 0.18,
      "fleet_upkeep": 0,
      "hangar_capacity": 0.9,
      "hangar_capacity:attack": 0.45,
      "hangar_capacity:defense": 0.45,
      "protected_storage": 0,
      "research_time": 0.04,
      "resource_production": 0,
      "resource_production:data": 0,
      "resource_production:energy": 0,
      "resource_production:nano": 0,
      "resource_production:scrap": 0,
      "storage_capacity": 0,
      "unit_attack": 0.3,
      "unit_defense": 0.22,
      "unit_time": 0,
      "unlock_attack_units": 0,
      "unlock_buildings": 0,
      "unlock_defense_units": 0,
      "unlock_hangars": 0,
      "unlock_next_level": 0,
      "unlock_recipe": 0,
    },
  },
  {
    "mods": {
      "attack": 0.04,
      "bossDamage": 0,
      "buildTime": 0.09,
      "cargo": 0.04,
      "defense": 0.02,
      "detection": 0.11,
      "production": {
        "data": 0.06,
        "nano": 0.09,
        "scrap": 0.02,
      },
      "productionAll": 0.09,
      "repair": 0,
      "researchTime": 0.03,
      "spyLevel": 1.6,
      "storage": 0,
    },
    "tech": {
      "building_discount": 0.35,
      "building_time": 0,
      "cargo_capacity": 0,
      "counter_spy": 2,
      "energy_efficiency": 0,
      "fleet_speed": 0.16,
      "fleet_upkeep": 0,
      "hangar_capacity": 0.6,
      "hangar_capacity:attack": 0.3,
      "hangar_capacity:defense": 0.3,
      "protected_storage": 0.04,
      "research_time": 0.04,
      "resource_production": 0,
      "resource_production:data": 0,
      "resource_production:energy": 0,
      "resource_production:nano": 0,
      "resource_production:scrap": 0,
      "storage_capacity": 0,
      "unit_attack": 1,
      "unit_defense": 0.7,
      "unit_time": 0,
      "unlock_attack_units": 0,
      "unlock_buildings": 0,
      "unlock_defense_units": 0,
      "unlock_hangars": 0,
      "unlock_next_level": 0,
      "unlock_recipe": 0,
    },
  },
  {
    "mods": {
      "attack": 0.1,
      "bossDamage": 0,
      "buildTime": 0,
      "cargo": 0.16,
      "defense": 0.06,
      "detection": 0,
      "production": {
        "nano": 0.04,
      },
      "productionAll": 0.08,
      "repair": 0.04,
      "researchTime": 0,
      "spyLevel": 1,
      "storage": 0.04,
    },
    "tech": {
      "building_discount": 0.5,
      "building_time": 0,
      "cargo_capacity": 0,
      "counter_spy": 7,
      "energy_efficiency": 0.5,
      "fleet_speed": 0.04,
      "fleet_upkeep": 0,
      "hangar_capacity": 0.5,
      "hangar_capacity:attack": 0.25,
      "hangar_capacity:defense": 0.25,
      "protected_storage": 0,
      "research_time": 0.14,
      "resource_production": 0,
      "resource_production:data": 0,
      "resource_production:energy": 0,
      "resource_production:nano": 0,
      "resource_production:scrap": 0,
      "storage_capacity": 0,
      "unit_attack": 0,
      "unit_defense": 0.7,
      "unit_time": 0,
      "unlock_attack_units": 0,
      "unlock_buildings": 0,
      "unlock_defense_units": 0,
      "unlock_hangars": 0,
      "unlock_next_level": 0,
      "unlock_recipe": 0,
    },
  },
]
`;
